---
source: crates/tui/tests/render_snapshots.rs
assertion_line: 1073
expression: rendered
---
 ‹ back  New session   ◆ fake-backend    Ctrl-P · ?                │ Workspace
· PRISM ready                                                      │ [Act] Too Fil Obj Str Art
       ┌────────────────────────────────────────────────────────────────────────────────────┐
       │ Tools   [Native]  MCP                                                              │
       │                                                                                    │
       │sample_material                                                                     │
       │materials_search                                                                    │
       │                                                                                    │
       │  ←/→ tabs · j/k scroll · Esc close                                                 │
       │                                                                                    │
       │                                                                                    │
       │                                                                                    │
       │                                                                                    │
       │                                                                                    │
       │                                                                                    │
       │                                                                                    │
       │                                                                                    │
       │                                                                                    │
       │                                                                                    │
       │                                                                                    │
       │                                                                                    │
       │                                                                                    │
       │                                                                                    │
       │                                                                                    │
┌ Promp│                                                                                    │
│ Type │                                                                                    │
│      │                                                                                    │
│      └────────────────────────────────────────────────────────────────────────────────────┘
└────────────────────────────────────────────────────────────────┘ │
  Ready  model: fake-backend   [INPUT]    Ctrl-C quit              │
