---
source: crates/tui/tests/render_snapshots.rs
assertion_line: 586
expression: rendered
---
 ‹ back  New session   ◆ fake-backend
                                       ▲
◆ PRISM                                ║
  Fake backend response: PRISM TUI is  █
running in deterministic test mode.    █
                                       ▼
┌ Prompt ──────────────────────────────┐
│ Type a message... (Enter=send, /help,│
│                                      │
│                                      │
└──────────────────────────────────────┘
  Ready  model: fake-backend     Ctrl-C
