---
source: crates/tui/tests/render_snapshots.rs
assertion_line: 1823
expression: rendered
---
 ‹ back  New session   ◆ fake-backend    Ctrl-P · ?                │ Workspace
· PRISM ready                                                      │ [Act] Sto Too Fil Obj Str Art
┌ Knowledge ─────────────────────────────────────────────────────┐ │
│ [Search]  Ingest                                               │ │  (no activity yet)
│                                                                │ │
│  ▸ Query             gamma-TiAl oxidation                      │ │
│    Literature        [x] on                                    │ │
│    Knowledge Graph   [x] on                                    │ │
│                                                                │ │
│  Tab mode · ↑↓ move · Space toggle · ↵ search · Esc close      │ │
│                                                                │ │
│                                                                │ │
│                                                                │ │
│                                                                │ │
│                                                                │ │
│                                                                │ │
│                                                                │ │
│                                                                │ │
│                                                                │ │
│                                                                │ │
│                                                                │ │
│                                                                │ │
└────────────────────────────────────────────────────────────────┘ │
                                                                   │
┌ Prompt ────────────────────────────────────────────────────────┐ │
│ Type a message... (Enter=send, /help, Ctrl-C=quit)             │ │
│                                                                │ │
│                                                                │ │
└────────────────────────────────────────────────────────────────┘ │
  Ready  model: fake-backend   [INPUT]    Ctrl-C quit              │
