---
source: crates/tui/tests/render_snapshots.rs
expression: rendered
---
 PRISM v2.7.1-fake · 99 tools ──────────────────────────────────────────────────────────────────────
· PRISM v2.7.1-fake — 99 tools available

> run compute

· compute_submit: Allow compute_submit?

· [allow-all compute_submit]

· [auto-approve enabled for this session]

⚙ compute_submit: Job submitted (auto-approved for session)














  Ready  model: fake-backend   [INPUT]
 Type a message... (Enter=send, Ctrl-C=quit)
