---
source: crates/tui/tests/render_snapshots.rs
expression: rendered
---
 ‹ back  New session   ◆ fake-backend    99 tools    Ctrl-P · ?    │ Workspace
· PRISM ready — 99 tools available                                 │ [Activity] Tools Files
                                                                   │
           ┌ Switch model ──────────────────────────────────────────────────────────────┐
           │  current: gemma-4-12B-it-qat-UD-Q4_K_XL.gguf                               │
           │> type to filter (provider / id / name)…    (2 shown)                       │
           │                                                                            │
           │ anthropic                                                                  │
           │   Claude Sonnet 4  anthropic/claude-sonnet-4  ◀                            │
           │ local                                                                      │
           │ ● Gemma 4 12B (local)  gemma-4-12B-it-qat-UD-Q4_K_… free                   │
           │                                                                            │
           │  filter · j/k move · ↵ switch · Esc close                                  │
           │                                                                            │
           │                                                                            │
           │                                                                            │
           │                                                                            │
           │                                                                            │
           │                                                                            │
           │                                                                            │
           │                                                                            │
           │                                                                            │
           │                                                                            │
           │                                                                            │
┌ Prompt ──│                                                                            │
│ Type a me│                                                                            │
│          └────────────────────────────────────────────────────────────────────────────┘
│                                                                 ││
└─────────────────────────────────────────────────────────────────┘│
  Ready  model: fake-backend   [INPUT]    Ctrl-C quit              │
