---
source: crates/tui/tests/render_snapshots.rs
expression: rendered
---
 ‹ back  New session    Ctrl-P · ?                                 │ Workspace
┌ PRISM · materials research workspace ──────────────────────────┐ │ [Act] Sto Too Fil Obj Str Art
│                                                                │ │
│  WORKFLOWS                                                     │ │  (no activity yet)
│     no live run list wired yet — talk to the agent to start one│ │
│                                                                │ │
│  TOOLS                                                         │ │
│     loading tool catalog…                                      │ │
│                                                                │ │
│  NOTEBOOKS                                                     │ │
│     /notebook open — Python cells; agent shares kernel         │ │
│                                                                │ │
│  SYSTEMS                                                       │ │
│   ● model  —   S status                                        │ │
│   ● session cost  $0.0000   as of last checkpoint              │ │
│     credits  not reported (unauthed / not fetched)             │ │
│     compute · nodes · knowledge · ingestion — open via ⌘K      │ │
│                                                                │ │
│  ⏎ talk to the agent    T tools    S systems    ⌘K commands    │ │
│? keys                                                          │ │
│                                                                │ │
│                                                                │ │
│                                                                │ │
└────────────────────────────────────────────────────────────────┘ │
┌ Prompt ────────────────────────────────────────────────────────┐ │
│ Type a message... (Enter=send, /help, Ctrl-C=quit)             │ │
│                                                                │ │
│                                                                │ │
└────────────────────────────────────────────────────────────────┘ │
  Ready     model: —  tok/s:      —   [INPUT]    Ctrl-C quit       │
