---
source: crates/tui/tests/render_snapshots.rs
expression: rendered
---
 PRISM v2.7.1-fake · 99 tools ──────────────────────────────────────────────────────────────────────
· PRISM v2.7.1-fake — 99 tools available

> run compute

· compute_submit: Allow compute_submit?

· [denied compute_submit]


















  Ready  model: fake-backend   [INPUT]
 Type a message... (Enter=send, Ctrl-C=quit)
