---
source: crates/tui/tests/render_snapshots.rs
expression: rendered
---
 ‹ back  New session    0 tools    Ctrl-P · ?                      │ Workspace
                                                                   │ [Activity] Tools Files
                                                                   │
                                                                   │  (no activity yet)
                                                                   │
                                                                   │
                                                                   │
                                                                   │
                                                                   │
                                                                   │
                                                                   │
                                                                   │
                                                                   │
                                                                   │
                                                                   │
                                                                   │
                                                                   │
                                                                   │
                                                                   │
                                                                   │
                                                                   │
                                                                   │
                                                                   │
                                                                   │
┌ Prompt ─────────────────────────────────────────────────────────┐│
│ Type a message... (Enter=send, /help, Ctrl-C=quit)              ││
│                                                                 ││
│                                                                 ││
└─────────────────────────────────────────────────────────────────┘│
  Ready  model: —   [INPUT]    Ctrl-C quit                         │
