---
source: crates/tui/tests/render_snapshots.rs
expression: rendered
---
 ‹ back  New session   ◆ fake-backend    99 tools    Ctrl-P · ?    │ Workspace
· PRISM ready — 99 tools available                                 │ [Activity] Tools Files
                                                                   │
❯ You                                                              │  1. prompt "trigger error" •
▌ trigger error                                                    │
                                                                   │
· [rate_limit] Approaching API rate limit (80% of quota)           │
                                                                   │
· [error 429] Rate limit exceeded, please retry in 60s             │
                                                                   │
                                                                   │
                                                                   │
                                                                   │
                                                                   │
                                                                   │
                                                                   │
                                                                   │
                                                                   │
                                                                   │
                                                                   │
                                                                   │
                                                                   │
                                                                   │
                                                                   │
┌ Prompt ─────────────────────────────────────────────────────────┐│
│ Type a message... (Enter=send, /help, Ctrl-C=quit)              ││
│                                                                 ││
│                                                                 ││
└─────────────────────────────────────────────────────────────────┘│
  Ready  model: fake-backend   [INPUT]    Ctrl-C quit              │
