---
source: crates/tui/tests/render_snapshots.rs
expression: rendered
---
 ‹ back  New session   ◆ fake-backend    Ctrl-P · ?                │ Workspace
┌ Nodes — 2 of 4 online ─────────────────────────────────────────┐ │ [Act] Sto Too Fil Obj Str Art
│   Node                Hardware                  Access   Last s│ │
│                                                                │ │  (no activity yet)
│ ● lab-hpc-01          2× A100-80GB · 64 cores … org      online│ │
│ ● studio-mac          12 cores · 24 GB · aarch… private  online│ │
│ ● edge-box-eu         8 cores · 16 GB           private  provis│ │
│ ○ old-worker                                    private  offlin│ │
│                                                                │ │
│  ↑↓ · ⏎ detail · Esc                                           │ │
│                                                                │ │
│                                                                │ │
│                                                                │ │
│                                                                │ │
│                                                                │ │
│                                                                │ │
│                                                                │ │
│                                                                │ │
│                                                                │ │
│                                                                │ │
│                                                                │ │
│                                                                │ │
│                                                                │ │
└────────────────────────────────────────────────────────────────┘ │
┌ Prompt ────────────────────────────────────────────────────────┐ │
│ Type a message... (Enter=send, /help, Ctrl-C=quit)             │ │
│                                                                │ │
│                                                                │ │
└────────────────────────────────────────────────────────────────┘ │
  Ready     model: fake-backend   [INPUT]    Ctrl-C quit           │
