---
source: crates/tui/tests/render_snapshots.rs
expression: rendered
---
 ‹ back  New session   ◆ fake-backend    Ctrl-P · ?                │ Workspace
┌ Keybindings — j/k scroll · ? or Esc close ─────────────────────┐ │ [Act] Sto Too Fil Obj Str Art
│ Commands & palette                                             │ │
│   Ctrl-P                Command palette — run any command      │ │  (no activity yet)
│   ?                     This keybindings panel                 │ │
│   Ctrl-L                Clear the chat transcript              │ │
│   Ctrl-C                Quit PRISM                             │ │
│   /<command>            Slash commands: /help /cost /model /mcp│ │
│                                                                │ │
│ Navigation                                                     │ │
│   Tab                   Cycle focus: input → workspace → chat  │ │
│   i                     Focus the message input                │ │
│   Esc                   Leave a panel; clear the line cursor   │ │
│   PgUp / PgDn           Scroll transcript by a page            │ │
│   ↑↓ / k j              Move the line cursor; the view follows │ │
│   Ctrl-J / Ctrl-K       Scroll the transcript one line         │ │
│   g / G                 Jump to top / bottom                   │ │
│   Enter / o             Open the cursor line's first reference │ │
│   Tab                   Next reference on the cursor line      │ │
│   e                     Ask about the cursor line, as drawn    │ │
│   m                     Mark the open reference for the agent  │ │
│   O                     Open a link from the transcript        │ │
│   mouse wheel           Scroll transcript                      │ │
└────────────────────────────────────────────────────────────────┘ │
┌ Prompt ────────────────────────────────────────────────────────┐ │
│ Type a message... (Enter=send, /help, Ctrl-C=quit)             │ │
│                                                                │ │
│                                                                │ │
└────────────────────────────────────────────────────────────────┘ │
  Ready  model: fake-backend   [INPUT]    Ctrl-C quit              │
