---
source: crates/tui/tests/render_snapshots.rs
expression: rendered
---
 ‹ back  New session   ◆ fake-backend    99 tools    Ctrl-P · ?    │ Workspace
· PRISM ready — 99 tools available                                 │ Act Too Fil [Obj] Str Art
                                                                   │
                                                                   │  ◇ Structure W-BCC a=3.14A done
                                                                   │▸ ▶ Simulation MD NPT 300K 10000
                                                                   │s… 50%
                                                                   │  ⬡ Alloy  CrMnFeCoNi HEA ★ done
                                                                   │  ▶ Simulation MD NVT 500K
                                                                   │FAILED
                                                                   │
                                                                   │
                                                                   │
                                                                   │
                                                                   │
                                                                   │
                                                                   │
                                                                   │
                                                                   │
                                                                   │
                                                                   │
                                                                   │
                                                                   │
                                                                   │
                                                                   │
┌ Prompt ─────────────────────────────────────────────────────────┐│
│type a message…  (press i to focus · ↵ send)                     ││
│                                                                 ││
│                                                                 ││
└─────────────────────────────────────────────────────────────────┘│
  Ready  model: fake-backend   [WORKSPACE]    Ctrl-C quit          │
