---
source: crates/tui/tests/render_snapshots.rs
assertion_line: 321
expression: rendered
---
 ‹ back  New session   ◆ fake-backend    Ctrl-P · ?                │ Workspace
· PRISM ready                                                      │ [Act] Too Fil Obj Str Art
                                                                   │
❯ You                                                              │  1. prompt "think about this" •
▌ think about this                                                 │
                                                                   │
◇ Let me reason about this. The user is asking a question.         │
                                                                   │
◆ PRISM                                                            │
  Based on my reasoning, here is the answer.                       │
                                                                   │
                                                                   │
                                                                   │
                                                                   │
                                                                   │
                                                                   │
                                                                   │
                                                                   │
                                                                   │
                                                                   │
                                                                   │
                                                                   │
                                                                   │
                                                                   │
┌ Prompt ────────────────────────────────────────────────────────┐ │
│ Type a message... (Enter=send, /help, Ctrl-C=quit)             │ │
│                                                                │ │
│                                                                │ │
└────────────────────────────────────────────────────────────────┘ │
  Ready  model: fake-backend   [INPUT]    Ctrl-C quit              │
