---
source: crates/tui/tests/render_snapshots.rs
assertion_line: 1783
expression: rendered
---
 ‹ back  New session   ◆ fake-backend    Ctrl-P · ?                │ Workspace
· PRISM ready                                                      │ [Act] Too Fil Obj Str Art
                                                                   │
                                                                   │  (no activity yet)
                                                                   │
                                                                   │
                                                                   │
                                                                   │
 ┌ Set goal ────────────────────────────────────────────────────┐  │
 │                                                              │  │
 │  ▸ Standing goal     map the NiTi phase diagram  sent to the │  │
 │                                                  agent each  │  │
 │                                                  turn; empty │  │
 │                                                  clears      │  │
 │                                                              │  │
 │  ↑↓ move · Space/←→ adjust · ↵ set goal · Esc                │  │
 └──────────────────────────────────────────────────────────────┘  │
                                                                   │
                                                                   │
                                                                   │
                                                                   │
                                                                   │
                                                                   │
                                                                   │
┌ Prompt ────────────────────────────────────────────────────────┐ │
│ Type a message... (Enter=send, /help, Ctrl-C=quit)             │ │
│                                                                │ │
│                                                                │ │
└────────────────────────────────────────────────────────────────┘ │
  Ready  model: fake-backend   [INPUT]    Ctrl-C quit              │
