---
source: crates/tui/tests/render_snapshots.rs
expression: rendered
---
 ‹ back  New session   ◆ fake-backend    99 tools    Ctrl-P · ?    │ Workspace
· PRISM ready — 99 tools available                                 │ Act Too Fil Obj [Art]
                                                                   │
                                                                   │▸ ◆ KG materials_search · 2m ago
                                                                   │    24 refractory alloy candida…
                                                                   │    24 records · 18.0 KiB
                                                                   │  ◇ local phase_diagr… · 15m ago
                                                                   │    Calculated binary phase bou…
                                                                   │    records n/a · 2.0 KiB
                                                                   │
                                                                   │
                                                                   │
                                                                   │
                                                                   │
                                                                   │
                                                                   │
                                                                   │
                                                                   │
                                                                   │
                                                                   │
                                                                   │
                                                                   │
                                                                   │
                                                                   │
┌ Prompt ─────────────────────────────────────────────────────────┐│
│type a message…  (press i to focus · ↵ send)                     ││
│                                                                 ││
│                                                                 ││
└─────────────────────────────────────────────────────────────────┘│
  Ready  model: fake-backend   [WORKSPACE]    Ctrl-C quit          │
