---
source: crates/tui/tests/render_snapshots.rs
expression: rendered
---
 ‹ back  New session   ◆ fake-backend    Ctrl-P · ?                │ Workspace
┌ Tools ─────────────────────────────────────────────────────────┐ │ [Act] Sto Too Fil Obj Str Art
│ 4 tools   · 2 need approval   · 2 auto                         │ │
│> filter by name / description…    (4 shown)                    │ │  (no activity yet)
│                                                                │ │
│ Needs approval                                                 │ │
│▸ execute_bash  Run a shell command  ◀                          │ │
│  execute_python  Run Python in the kernel                      │ │
│ Auto-approved                                                  │ │
│  materials_search  Search OPTIMADE providers                   │ │
│  plot  Render a chart                                          │ │
│                                                                │ │
│  filter · j/k move · Esc close                                 │ │
│                                                                │ │
│                                                                │ │
│                                                                │ │
│                                                                │ │
│                                                                │ │
│                                                                │ │
│                                                                │ │
│                                                                │ │
│                                                                │ │
│                                                                │ │
└────────────────────────────────────────────────────────────────┘ │
┌ Prompt ────────────────────────────────────────────────────────┐ │
│ Type a message... (Enter=send, /help, Ctrl-C=quit)             │ │
│                                                                │ │
│                                                                │ │
└────────────────────────────────────────────────────────────────┘ │
  Ready     model: fake-backend   [INPUT]    Ctrl-C quit           │
