---
source: crates/tui/tests/render_snapshots.rs
expression: rendered
---
 PRISM v2.7.1-fake · 99 tools ──────────────────────────────────────────────────────────────────────
· PRISM v2.7.1-fake — 99 tools available

> show cost

◆ Cost report ready.




















  Ready  model: fake-backend  cost: $0.0500   [INPUT]
 Type a message... (Enter=send, Ctrl-C=quit)
