---
source: crates/tui/tests/render_snapshots.rs
assertion_line: 440
expression: rendered
---
 ‹ back  New session   ◆ fake-backend    Ctrl-P · ?                │ Workspace
· PRISM ready                                                      │ [Act] Too Fil Obj Str Art
                                                                   │
❯ You                                                              │  1. prompt "run compute" •
▌ run compute                                                      │
                                                                   │
· compute_submit: Allow compute_submit?                            │
                                                                   │
                                                                   │
                                                                   │
                                                                   │
                                                                   │
                    ┌──────────────────────────────────────────────────────────┐
                    │                                                          │
                    │  ⚠ APPROVAL REQUIRED                                     │
                    │                                                          │
                    │  Tool: compute_submit                                    │
                    └──────────────────────────────────────────────────────────┘
                                                                   │
                                                                   │
                                                                   │
                                                                   │
                                                                   │
                                                                   │
┌ Prompt ────────────────────────────────────────────────────────┐ │
│tool approval pending…  (y allow · a always allow this tool · n │ │
│                                                                │ │
│                                                                │ │
└────────────────────────────────────────────────────────────────┘ │
  Ready  model: fake-backend   [APPROVAL]    Ctrl-C quit           │
