---
source: crates/tui/tests/render_snapshots.rs
expression: rendered
---
 ‹ back  New session   ◆ fake-backend    99 tools    Ctrl-P · ?    │ Workspace
· PRISM ready — 99 tools available                                 │ [Activity] Tools Files
                                                                   │
                                                                   │  (no activity yet)
                                                                   │
                                                                   │
               ┌ Commands ──────────────────────────────────────────────────────────┐
               │> tool                                                              │
               │                                                                    │
               │  Tools & MCP         MCP configuration                        /mcp │
               │  Workspace: Tools    Switch sidebar to Tools                   ←/→ │
               │  Set goal            Standing goal sent to the age…   /goal <text> │
               │  Switch theme        Pick a color theme                    palette │
               │  Toggle metrics      Show/hide tok/s meter                  Ctrl-M │
               │  Model               Active model + how to switch           /model │
               │  Toggle thinking     Show/hide reasoning tokens             Ctrl-T │
               │  Toggle cost bar     Show/hide cost in the status …         Ctrl-$ │
               │  Workspace: Files    Switch sidebar to Files                   ←/→ │
               │                                                                    │
               │  ↑↓ navigate · ↵ run · Esc close                                   │
               │                                                                    │
               │                                                                    │
               │                                                                    │
               └────────────────────────────────────────────────────────────────────┘
┌ Prompt ─────────────────────────────────────────────────────────┐│
│ Type a message... (Enter=send, /help, Ctrl-C=quit)              ││
│                                                                 ││
│                                                                 ││
└─────────────────────────────────────────────────────────────────┘│
  Ready  model: fake-backend   [INPUT]    Ctrl-C quit              │
