---
source: crates/tui/tests/render_snapshots.rs
expression: rendered
---
 PRISM v1 · 99 tools ─────────────────────────────────────────────────│ Workspace
· PRISM v1                                                            │  Activity  Tools [Files]
                                                                      │
⚙ Running alloy_sample                                                │▸ ~ crates/tui/src/app.rs
                                                                      │  +23 -4
⚙ alloy_sample: W0.3 Mo0.2 Ta0.3 Nb0.2                                │
                                                                      │
⚙ write_file: Updated crates/tui/src/app.rs                           │
                                                                      │
                                                                      │
                                                                      │
                                                                      │
                                                                      │
                                                                      │
                                                                      │
                                                                      │
                                                                      │
                                                                      │
                                                                      │
                                                                      │
                                                                      │
                                                                      │
                                                                      │
                                                                      │
                                                                      │
                                                                      │
  Ready  model: fake-backend   [WORKSPACE]                            │
──────────────────────────────────────────────────────────────────────│
Type a message... (press 'i' to focus input)                          │
                                                                      │
