---
source: crates/tui/tests/render_snapshots.rs
expression: rendered
---
 PRISM v2.7.1-fake · 99 tools ──────────────────────────────────────────────────────────────────────
· PRISM v2.7.1-fake — 99 tools available

> think about this

◇ Let me reason about this. The user is asking a question.

◆ Based on my reasoning, here is the answer.


















  Ready  model: fake-backend   [INPUT]
 Type a message... (Enter=send, Ctrl-C=quit)
