---
source: crates/tui/tests/render_snapshots.rs
expression: rendered
---
 ‹ back  New session   ◆ fake-backend    Ctrl-P · ?                │ Workspace
┌ Sessions ──────────────────────────────────────────────────────┐ │ [Act] Sto Too Fil Obj Str Art
│> type to filter…    (2 shown)                                  │ │
│                                                                │ │  (no activity yet)
│ ● 2025-07-01 20:00   12t  gemma-4-12B-it-qat-UD…  sess-3  ◀    │ │
│   2025-06-29 12:26    4t  anthropic/claude-sonn…  sess-2       │ │
│                                                                │ │
│  filter · j/k move · ↵ resume · Esc close                      │ │
│                                                                │ │
│                                                                │ │
│                                                                │ │
│                                                                │ │
│                                                                │ │
│                                                                │ │
│                                                                │ │
│                                                                │ │
│                                                                │ │
│                                                                │ │
│                                                                │ │
│                                                                │ │
│                                                                │ │
│                                                                │ │
│                                                                │ │
└────────────────────────────────────────────────────────────────┘ │
┌ Prompt ────────────────────────────────────────────────────────┐ │
│ Type a message... (Enter=send, /help, Ctrl-C=quit)             │ │
│                                                                │ │
│                                                                │ │
└────────────────────────────────────────────────────────────────┘ │
  Ready     model: fake-backend   [INPUT]    Ctrl-C quit           │
