---
source: crates/tui/tests/render_snapshots.rs
expression: rendered
---
 PRISM v1 · 99 tools ─────────────────────────────────────────────────│ Workspace
· PRISM v1                                                            │  Activity [Tools] Files
                                                                      │
> sample alloy                                                        │▸ ✓ alloy_sample  292ms §
                                                                      │  W0.3 Mo0.2 Ta0.3 Nb0.2
⚙ Running alloy_sample                                                │
                                                                      │
⚙ alloy_sample: W0.3 Mo0.2 Ta0.3 Nb0.2                                │
                                                                      │
                                                                      │
                                                                      │
                                                                      │
                                                                      │
                                                                      │
                                                                      │
                                                                      │
                                                                      │
                                                                      │
                                                                      │
                                                                      │
                                                                      │
                                                                      │
                                                                      │
                                                                      │
                                                                      │
                                                                      │
  Ready  model: fake-backend   [WORKSPACE]                            │
──────────────────────────────────────────────────────────────────────│
Type a message... (press 'i' to focus input)                          │
                                                                      │
