---
source: crates/tui/tests/render_snapshots.rs
expression: rendered
---
 ‹ back  New session   ◆ fake-backend    99 tools    Ctrl-P · ?    │ Workspace
· PRISM ready — 99 tools available                                 │ Act Too Fil Obj [Str] Art
                                                                   │
                                                                   │▸ ◇ unknown
                                                                   │    ? atoms · unknown · unknown
                                                                   │    cache://beef0000deadbeef/st…
                                                                   │
                                                                   │
                                                                   │
                                                                   │
                                                                   │
                                                                   │
                                                                   │
                                                                   │
                                                                   │
                                                                   │
                                                                   │
                                                                   │
                                                                   │
                                                                   │
                                                                   │
                                                                   │
                                                                   │
                                                                   │
┌ Prompt ─────────────────────────────────────────────────────────┐│
│type a message…  (press i to focus · ↵ send)                     ││
│                                                                 ││
│                                                                 ││
└─────────────────────────────────────────────────────────────────┘│
  Ready  model: fake-backend   [WORKSPACE]    Ctrl-C quit          │
