---
source: crates/tui/tests/render_snapshots.rs
expression: rendered
---
 ‹ back  New session   ◆ fake-backend    99 tools    Ctrl-P · ?    │ Workspace
· PRISM ready — 99 tools available                                 │ [Activity] Tools Files
                                                                   │
                                                                   │  (no activity yet)
                                                                   │
                                                                   │
               ┌ Commands ──────────────────────────────────────────────────────────┐
               │> type to search…                                                   │
               │                                                                    │
               │  ── SCIENCE ────────────────────────────────────────────────────── │
               │    Deep research           Multi-step research with citat… palette │
               │    Knowledge               Search & ingest — one pane      palette │
               │    Material properties     Structure, lattice, moduli, ba… palette │
               │    Nodes                   See your connected nodes        palette │
               │    Notebook                Python notebook — persistent k… palette │
               │    Predict properties      ML prediction for a composition palette │
               │    Procure GPU compute     Live GPU catalog with prices    palette │
               │    Run simulation          Relax/MD via MACE + pyiron      palette │
               │    Goal status             Check a discovery campaign's p… palette │
               │    List goals              Discovery campaigns on this no… palette │
               │    Node status             Local daemon + platform regist… palette │
               │  … 52 more — ↓ to scroll or type to filter                         │
               │                                                                    │
               └────────────────────────────────────────────────────────────────────┘
┌ Prompt ─────────────────────────────────────────────────────────┐│
│ Type a message... (Enter=send, /help, Ctrl-C=quit)              ││
│                                                                 ││
│                                                                 ││
└─────────────────────────────────────────────────────────────────┘│
  Ready  model: fake-backend   [INPUT]    Ctrl-C quit              │
