---
source: crates/tui/tests/render_snapshots.rs
assertion_line: 1092
expression: rendered
---
 ‹ back  New session   ◆ fake-backend    Ctrl-P · ?                │ Workspace
┌ Sessions ──────────────────────────────────────────────────────┐ │ [Act] Too Fil Obj Str Art
│> type to filter…    (2 shown)                                  │ │
│                                                                │ │  (no activity yet)
│ ● 2025-07-21 20:00   12t  gemma-4-12B-it-qat-UD…  sess-3  ◀    │ │
│   2025-07-19 12:26    4t  anthropic/claude-sonn…  sess-2       │ │
│                                                                │ │
│  filter · j/k move · ↵ resume · Esc close                      │ │
│                                                                │ │
│                                                                │ │
│                                                                │ │
│                                                                │ │
│                                                                │ │
│                                                                │ │
│                                                                │ │
│                                                                │ │
│                                                                │ │
│                                                                │ │
│                                                                │ │
│                                                                │ │
│                                                                │ │
│                                                                │ │
│                                                                │ │
└────────────────────────────────────────────────────────────────┘ │
┌ Prompt ────────────────────────────────────────────────────────┐ │
│ Type a message... (Enter=send, /help, Ctrl-C=quit)             │ │
│                                                                │ │
│                                                                │ │
└────────────────────────────────────────────────────────────────┘ │
  Ready  model: fake-backend   [INPUT]    Ctrl-C quit              │
