---
source: crates/tui/tests/render_snapshots.rs
assertion_line: 2378
expression: rendered
---
 ‹ back  New session   ◆ fake-backend    Ctrl-P · ?                │ Workspace
· PRISM ready                                                      │ Act Sto Too Fil Obj Str [Art]
                                                                   │
                                                                   │  Artifacts not connected
                                                                   │  Method not found: workspace.a…
                                                                   │
                                                                   │
                                                                   │
                                                                   │
                                                                   │
                                                                   │
                                                                   │
                                                                   │
                                                                   │
                                                                   │
                                                                   │
                                                                   │
                                                                   │
                                                                   │
                                                                   │
                                                                   │
                                                                   │
                                                                   │
                                                                   │
┌ Prompt ────────────────────────────────────────────────────────┐ │
│type a message…  (press i to focus · ↵ send)                    │ │
│                                                                │ │
│                                                                │ │
└────────────────────────────────────────────────────────────────┘ │
  Ready  model: fake-backend   [WORKSPACE]    Ctrl-C quit          │
