---
source: crates/tui/tests/render_snapshots.rs
assertion_line: 1730
expression: rendered
---
 ‹ back  New session   ◆ fake-backend    Ctrl-P · ?                │ Workspace
· PRISM ready                                                      │ Act Sto Too Fil Obj [Str] Art
                                                                   │
                                                                   │▸ ◇ unknown
                                                                   │    ? atoms · unknown · unknown
                                                                   │    cache://beef0000deadbeef/st…
                                                                   │
                                                                   │
                                                                   │
                                                                   │
                                                                   │
                                                                   │
                                                                   │
                                                                   │
                                                                   │
                                                                   │
                                                                   │
                                                                   │
                                                                   │
                                                                   │
                                                                   │
                                                                   │
                                                                   │
                                                                   │
┌ Prompt ────────────────────────────────────────────────────────┐ │
│type a message…  (press i to focus · ↵ send)                    │ │
│                                                                │ │
│                                                                │ │
└────────────────────────────────────────────────────────────────┘ │
  Ready  model: fake-backend   [WORKSPACE]    Ctrl-C quit          │
