---
source: crates/tui/tests/render_snapshots.rs
assertion_line: 1829
expression: rendered
---
 ‹ back  New session   ◆ fake-backend    Ctrl-P · ?                │ Workspace
· PRISM ready                                                      │ [Act] Too Fil Obj Str Art
                                                                   │
                                                                   │  (no activity yet)
                                                                   │
              ┌ Knowledge ───────────────────────────────────────────────────────────┐
              │ Search  [Ingest]                                                     │
              │                                                                      │
              │  /data/papers   (.pdf .csv .json .tsv .parquet .pq)                  │
              │                                                                      │
              │    ../                                                               │
              │    reviews/                                                          │
              │    lpbf_params.csv                                                   │
              │  ▸ niti_sma.pdf  ◀                                                   │
              │    phase_graph.json                                                  │
              │                                                                      │
              │  Tab mode · ↑↓ move · ↵ open/pick · ←/Bksp up · Esc close            │
              │                                                                      │
              │                                                                      │
              │                                                                      │
              │                                                                      │
              │                                                                      │
              │                                                                      │
              │                                                                      │
┌ Prompt ─────│                                                                      │
│ Type a messa└──────────────────────────────────────────────────────────────────────┘
│                                                                │ │
│                                                                │ │
└────────────────────────────────────────────────────────────────┘ │
  Ready  model: fake-backend   [INPUT]    Ctrl-C quit              │
