---
source: crates/tui/tests/render_snapshots.rs
expression: rendered
---
 PRISM v2.7.1-fake · 99 tools ──────────────────────────────────────────────────────────────────────
· PRISM v2.7.1-fake — 99 tools available

> think about this

◇ [thinking… 56 chars — Ctrl-T to expand]
◆ Based on my reasoning, here is the answer.



















  Ready  model: fake-backend  [thinking hidden]   [INPUT]
 Type a message... (Enter=send, Ctrl-C=quit)
