---
source: crates/tui/tests/render_snapshots.rs
expression: rendered
---
 ‹ back  New session    Ctrl-P · ?                                 │ Workspace
                                                                   │ [Act] Sto Too Fil Obj Str Art
                                                                   │
                                                                   │  (no activity yet)
                                                                   │
                                                                   │
                                                                   │
                                                                   │
                                                                   │
                                                                   │
                                                                   │
                                                                   │
                                                                   │
                                                                   │
                                                                   │
                                                                   │
                                                                   │
                                                                   │
                                                                   │
                                                                   │
                                                                   │
                                                                   │
                                                                   │
                                                                   │
┌ Prompt ────────────────────────────────────────────────────────┐ │
│ Type a message... (Enter=send, /help, Ctrl-C=quit)             │ │
│                                                                │ │
│                                                                │ │
└────────────────────────────────────────────────────────────────┘ │
  Ready     model: —  tok/s:      —   [INPUT]    Ctrl-C quit       │
